track_start
1
41
62
16
63
16
64
16
72
8
64
16
72
8
64
16
72
8
72
4
84
16
86
16
87
16
88
16
84
16
86
16
88
8
83
16
86
8
84
8
84
4
62
16
63
16
64
16
72
8
64
16
72
8
64
16
72
16
72
8
72
4
81
16
79
16
78
16
81
16
84
16
88
8
86
16
84
16
81
16
86
8
86
4
track_start
1
30
59
8
48
8
60
8
52
8
60
8
53
8
60
8
52
8
60
8
43
8
55
8
43
8
55
8
48
8
60
8
60
8
59
8
48
8
60
8
52
8
60
8
53
8
60
8
52
8
51
8
50
8
60
8
50
8
60
8
59
8
